Archive member included because of file (symbol)

d:/usr/local/cell/0_8_4/host-win32/spu/bin/../../../target/spu/lib\libdma.a(cellDmaLargeCmd.o)
                              VPUWorkers.spu.o (cellDmaLargeCmd)
d:/usr/local/cell/0_8_4/host-win32/spu/bin/../../../target/spu/lib\libsputhread.a(spu_event.spu.o)
                              VPUWorkers.spu.o (sys_spu_thread_send_event)
d:/usr/local/cell/0_8_4/host-win32/spu/bin/../../../target/spu/lib\libsputhread.a(spu_thread.spu.o)
                              d:/usr/local/cell/0_8_4/host-win32/spu/bin/../lib/gcc/spu-lv2/4.0.2/crt1.o (sys_spu_thread_exit)
d:/usr/local/cell/0_8_4/host-win32/spu/bin/../../../target/spu/lib\libc.a(exit.o)
                              d:/usr/local/cell/0_8_4/host-win32/spu/bin/../lib/gcc/spu-lv2/4.0.2/crt1.o (exit)
d:/usr/local/cell/0_8_4/host-win32/spu/bin/../../../target/spu/lib\libstdc++.a(delaop.o)
                              VPUWorkers.spu.o (operator delete[](void*))
d:/usr/local/cell/0_8_4/host-win32/spu/bin/../../../target/spu/lib\libstdc++.a(delop.o)
                              d:/usr/local/cell/0_8_4/host-win32/spu/bin/../../../target/spu/lib\libstdc++.a(delaop.o) (operator delete(void*))
d:/usr/local/cell/0_8_4/host-win32/spu/bin/../../../target/spu/lib\libc.a(free.o)
                              d:/usr/local/cell/0_8_4/host-win32/spu/bin/../../../target/spu/lib\libstdc++.a(delop.o) (free)
d:/usr/local/cell/0_8_4/host-win32/spu/bin/../../../target/spu/lib\libc.a(malloc.o)
                              d:/usr/local/cell/0_8_4/host-win32/spu/bin/../../../target/spu/lib\libc.a(free.o) (_Aldata)
d:/usr/local/cell/0_8_4/host-win32/spu/bin/../../../target/spu/lib\libc.a(sbrk.o)
                              d:/usr/local/cell/0_8_4/host-win32/spu/bin/../../../target/spu/lib\libc.a(malloc.o) (sbrk)

Allocating common symbols
Common symbol       size              file

_Atfuns             0x140             d:/usr/local/cell/0_8_4/host-win32/spu/bin/../../../target/spu/lib\libc.a(exit.o)

Memory Configuration

Name             Origin             Length             Attributes
*default*        0x0000000000000000 0xffffffffffffffff

Linker script and memory map

LOAD d:/usr/local/cell/0_8_4/host-win32/spu/bin/../lib/gcc/spu-lv2/4.0.2/crt1.o
LOAD VPUWorkers.spu.o
LOAD d:/usr/local/cell/0_8_4/host-win32/spu/bin/../../../target/spu/lib\libdma.a
LOAD d:/usr/local/cell/0_8_4/host-win32/spu/bin/../../../target/spu/lib\libsputhread.a
START GROUP
LOAD d:/usr/local/cell/0_8_4/host-win32/spu/bin/../../../target/spu/lib\libc.a
LOAD d:/usr/local/cell/0_8_4/host-win32/spu/bin/../lib/gcc/spu-lv2/4.0.2\libgcc.a
LOAD d:/usr/local/cell/0_8_4/host-win32/spu/bin/../../../target/spu/lib\libstdc++.a
LOAD d:/usr/local/cell/0_8_4/host-win32/spu/bin/../lib/gcc/spu-lv2/4.0.2\libsupc++.a
LOAD d:/usr/local/cell/0_8_4/host-win32/spu/bin/../../../target/spu/lib\libsputhread.a
END GROUP
LOAD d:/usr/local/cell/0_8_4/host-win32/spu/bin/../lib/gcc/spu-lv2/4.0.2/crtend1.o
                0x0000000000000080                PROVIDE (__executable_start, 0x80)
                0x0000000000000080                . = 0x80

.interp
 *(.interp)

.hash
 *(.hash)

.dynsym
 *(.dynsym)

.dynstr
 *(.dynstr)

.gnu.version
 *(.gnu.version)

.gnu.version_d
 *(.gnu.version_d)

.gnu.version_r
 *(.gnu.version_r)

.rel.dyn
 *(.rel.init)
 *(.rel.text .rel.text.* .rel.gnu.linkonce.t.*)
 *(.rel.fini)
 *(.rel.rodata .rel.rodata.* .rel.gnu.linkonce.r.*)
 *(.rel.data.rel.ro*)
 *(.rel.data .rel.data.* .rel.gnu.linkonce.d.*)
 *(.rel.tdata .rel.tdata.* .rel.gnu.linkonce.td.*)
 *(.rel.tbss .rel.tbss.* .rel.gnu.linkonce.tb.*)
 *(.rel.ctors)
 *(.rel.dtors)
 *(.rel.got)
 *(.rel.bss .rel.bss.* .rel.gnu.linkonce.b.*)

.rela.dyn
 *(.rela.init)
 *(.rela.text .rela.text.* .rela.gnu.linkonce.t.*)
 *(.rela.fini)
 *(.rela.rodata .rela.rodata.* .rela.gnu.linkonce.r.*)
 *(.rela.data .rela.data.* .rela.gnu.linkonce.d.*)
 *(.rela.tdata .rela.tdata.* .rela.gnu.linkonce.td.*)
 *(.rela.tbss .rela.tbss.* .rela.gnu.linkonce.tb.*)
 *(.rela.ctors)
 *(.rela.dtors)
 *(.rela.got)
 *(.rela.bss .rela.bss.* .rela.gnu.linkonce.b.*)

.rel.plt
 *(.rel.plt)

.rela.plt
 *(.rela.plt)

.init
 *(.init)

.plt
 *(.plt)

.text           0x0000000000000080     0x5360
                0x0000000000000080                . = ALIGN (0x10)
                0x0000000000000080                __SPU_GUID = .
                0x0000000000000080        0x4 LONG 0x42000002
                0x0000000000000084        0x4 LONG 0x42000082
                0x0000000000000088        0x4 LONG 0x42000102
                0x000000000000008c        0x4 LONG 0x42000182
 *(.text .stub .text.* .gnu.linkonce.t.*)
 .text          0x0000000000000090       0xe0 d:/usr/local/cell/0_8_4/host-win32/spu/bin/../lib/gcc/spu-lv2/4.0.2/crt1.o
                0x0000000000000118                _Exit
                0x0000000000000090                _start
                0x0000000000000118                _exit
 .text          0x0000000000000170     0x3980 VPUWorkers.spu.o
                0x0000000000000340                CVPU_JobInfo::~CVPU_JobInfo()
                0x0000000000000718                CVPU_CacheBuffer::~CVPU_CacheBuffer()
                0x0000000000001c28                CVPU_CacheBuffer::GetPntElement(unsigned int)
                0x0000000000003a00                VPU_Main()
                0x0000000000000370                MRTC_System_VPU::OS_Assert(char const*, char const*, int)
                0x00000000000003d8                CVPU_CacheBuffer::CVPU_CacheBuffer(CVPU_CacheBufferInfo&, unsigned int)
                0x00000000000003b8                MRTC_System_VPU::OS_HeapFree(void*)
                0x00000000000007d8                CVPU_WorkQueue::GetJob(unsigned int&, unsigned int&, CVPU_SystemAddr&)
                0x0000000000001348                CVPU_StreamBuffer::CVPU_StreamBuffer(CVPU_StreamBufferInfo&, unsigned int)
                0x0000000000003ac0                CVPU_StreamBuffer::~CVPU_StreamBuffer()
                0x0000000000000360                MRTC_System_VPU::OS_HeapFreeAll()
                0x0000000000000d78                CVPU_StreamBuffer::CVPU_StreamBuffer(CVPU_StreamBufferInfo&, unsigned int)
                0x0000000000000278                CVPU_JobInfo::CVPU_JobInfo(CVPU_JobDefData*)
                0x0000000000000578                CVPU_CacheBuffer::CVPU_CacheBuffer(CVPU_CacheBufferInfo&, unsigned int)
                0x0000000000000170                MRTC_System_VPU::OS_HeapAlloc(unsigned int)
                0x0000000000003a98                main
                0x0000000000002630                CVPU_StreamBuffer::GetBuffer(unsigned int&)
                0x0000000000001968                CVPU_CacheBuffer::GetVecElement(unsigned int)
                0x0000000000003738                VPUWorker_TestStream(CVPU_JobInfo&)
                0x00000000000001d0                CVPU_JobInfo::CVPU_JobInfo(CVPU_JobDefData*)
                0x0000000000001ee8                CVPU_StreamBuffer::GetNextBuffer(unsigned int&)
                0x0000000000000be0                MRTC_System_VPU::OS_DMATransferFromSys(CVPU_SystemAddr, void*, unsigned int)
                0x0000000000000778                CVPU_CacheBuffer::~CVPU_CacheBuffer()
                0x0000000000000320                CVPU_JobInfo::~CVPU_JobInfo()
                0x0000000000001918                MRTC_System_VPU::OS_DMABlockUntilIdle()
                0x0000000000002a28                CVPU_StreamBuffer::~CVPU_StreamBuffer()
                0x0000000000002a58                VPUWorker_Shadow(CVPU_JobInfo&)
                0x0000000000000848                CVPU_WorkQueue::SignalJobComplete(unsigned int)
                0x0000000000000880                CVPU_StreamBuffer::SetPosition(unsigned int)
                0x0000000000003538                VPUWorker_TestCache(CVPU_JobInfo&)
                0x0000000000002768                CVPU_StreamBuffer::Flush()
                0x0000000000003930                VPU_Worker(unsigned int, CVPU_JobInfo&)
 .gnu.linkonce.t._Z5M_VLdffff
                0x0000000000003af0       0x88 VPUWorkers.spu.o
                0x0000000000003af0                M_VLd(float, float, float, float)
 .gnu.linkonce.t._Z6M_VSubU8__vectorfS_
                0x0000000000003b78       0x38 VPUWorkers.spu.o
                0x0000000000003b78                M_VSub(float __vector, float __vector)
 .gnu.linkonce.t._ZN15CVPU_SystemAddrC1Ev
                0x0000000000003bb0       0x38 VPUWorkers.spu.o
                0x0000000000003bb0                CVPU_SystemAddr::CVPU_SystemAddr()
 .gnu.linkonce.t._ZN15CVPU_SystemAddrC1Ej
                0x0000000000003be8       0x48 VPUWorkers.spu.o
                0x0000000000003be8                CVPU_SystemAddr::CVPU_SystemAddr(unsigned int)
 .gnu.linkonce.t._ZN15CVPU_SystemAddr7SetAddrEj
                0x0000000000003c30       0x48 VPUWorkers.spu.o
                0x0000000000003c30                CVPU_SystemAddr::SetAddr(unsigned int)
 .gnu.linkonce.t._ZNK15CVPU_SystemAddrcvjEv
                0x0000000000003c78       0x30 VPUWorkers.spu.o
                0x0000000000003c78                CVPU_SystemAddr::operator unsigned int() const
 .gnu.linkonce.t._ZNK17CVPU_StreamBuffer14GetBufferCountEv
                0x0000000000003ca8       0xd8 VPUWorkers.spu.o
                0x0000000000003ca8                CVPU_StreamBuffer::GetBufferCount() const
 .gnu.linkonce.t._ZN12CVPU_JobInfo15GetStreamBufferEj
                0x0000000000003d80       0x58 VPUWorkers.spu.o
                0x0000000000003d80                CVPU_JobInfo::GetStreamBuffer(unsigned int)
 .gnu.linkonce.t._ZN12CVPU_JobInfo14GetCacheBufferEj
                0x0000000000003dd8      0x130 VPUWorkers.spu.o
                0x0000000000003dd8                CVPU_JobInfo::GetCacheBuffer(unsigned int)
 .gnu.linkonce.t._ZN12CVPU_JobInfo9GetVParamEj
                0x0000000000003f08       0x58 VPUWorkers.spu.o
                0x0000000000003f08                CVPU_JobInfo::GetVParam(unsigned int)
 .gnu.linkonce.t._Z3MinIjET_S0_S0_
                0x0000000000003f60       0x60 VPUWorkers.spu.o
                0x0000000000003f60                unsigned int Min<unsigned int>(unsigned int, unsigned int)
 .gnu.linkonce.t._Z4SwapIjEvRT_S1_
                0x0000000000003fc0       0x88 VPUWorkers.spu.o
                0x0000000000003fc0                void Swap<unsigned int>(unsigned int&, unsigned int&)
 .gnu.linkonce.t._Z4SwapIPvEvRT_S2_
                0x0000000000004048       0x88 VPUWorkers.spu.o
                0x0000000000004048                void Swap<void*>(void*&, void*&)
 .gnu.linkonce.t._ZNK11CVec3Bundle4getVEj
                0x00000000000040d0       0xc8 VPUWorkers.spu.o
                0x00000000000040d0                CVec3Bundle::getV(unsigned int) const
 .gnu.linkonce.t._Z6M_VXpdU8__vectorfS_
                0x0000000000004198      0x140 VPUWorkers.spu.o
                0x0000000000004198                M_VXpd(float __vector, float __vector)
 .gnu.linkonce.t._Z6M_VDp3U8__vectorfS_
                0x00000000000042d8      0x178 VPUWorkers.spu.o
                0x00000000000042d8                M_VDp3(float __vector, float __vector)
 .gnu.linkonce.t._Z12M_VGetX_SlowU8__vectorf
                0x0000000000004450       0x48 VPUWorkers.spu.o
                0x0000000000004450                M_VGetX_Slow(float __vector)
 .text          0x0000000000004498       0xc8 d:/usr/local/cell/0_8_4/host-win32/spu/bin/../../../target/spu/lib\libdma.a(cellDmaLargeCmd.o)
                0x0000000000004498                cellDmaLargeCmd
 .text          0x0000000000004560      0x1c8 d:/usr/local/cell/0_8_4/host-win32/spu/bin/../../../target/spu/lib\libsputhread.a(spu_event.spu.o)
                0x00000000000046a8                sys_spu_thread_tryreceive_event
                0x00000000000045d8                sys_spu_thread_throw_event
                0x0000000000004560                sys_spu_thread_send_event
                0x0000000000004628                sys_spu_thread_receive_event
 .text          0x0000000000004728       0x28 d:/usr/local/cell/0_8_4/host-win32/spu/bin/../../../target/spu/lib\libsputhread.a(spu_thread.spu.o)
                0x0000000000004740                sys_spu_thread_exit
                0x0000000000004738                sys_spu_thread_group_yield
                0x0000000000004728                sys_spu_thread_group_exit
 .text          0x0000000000004750       0xa0 d:/usr/local/cell/0_8_4/host-win32/spu/bin/../../../target/spu/lib\libc.a(exit.o)
                0x0000000000004750                atexit
                0x0000000000004790                exit
 .text          0x00000000000047f0        0x8 d:/usr/local/cell/0_8_4/host-win32/spu/bin/../../../target/spu/lib\libstdc++.a(delaop.o)
                0x00000000000047f0                operator delete[](void*)
 .text          0x00000000000047f8        0x8 d:/usr/local/cell/0_8_4/host-win32/spu/bin/../../../target/spu/lib\libstdc++.a(delop.o)
                0x00000000000047f8                operator delete(void*)
 .text          0x0000000000004800      0x198 d:/usr/local/cell/0_8_4/host-win32/spu/bin/../../../target/spu/lib\libc.a(free.o)
                0x0000000000004800                free
 .text          0x0000000000004998      0x9d0 d:/usr/local/cell/0_8_4/host-win32/spu/bin/../../../target/spu/lib\libc.a(malloc.o)
                0x0000000000005088                malloc
                0x0000000000004998                memalign
 .text          0x0000000000005368       0x78 d:/usr/local/cell/0_8_4/host-win32/spu/bin/../../../target/spu/lib\libc.a(sbrk.o)
                0x0000000000005368                sbrk
 *(.text.*personality*)
 *(.spu.elf)
 *(.gnu.warning)

.fini
 *(.fini)
                0x00000000000053e0                PROVIDE (__etext, .)
                0x00000000000053e0                PROVIDE (_etext, .)
                0x00000000000053e0                PROVIDE (etext, .)

.rodata         0x00000000000053e0       0x30
 *(.rodata .rodata.* .gnu.linkonce.r.*)
 .rodata        0x00000000000053e0       0x20 VPUWorkers.spu.o
 .rodata.cst16  0x0000000000005400       0x10 d:/usr/local/cell/0_8_4/host-win32/spu/bin/../../../target/spu/lib\libdma.a(cellDmaLargeCmd.o)

.rodata1
 *(.rodata1)

.eh_frame_hdr
 *(.eh_frame_hdr)

.eh_frame
 *(.eh_frame)

.gcc_except_table
 *(.gcc_except_table)
 *(.gcc_except_table.*)
                0x0000000000005480                . = ALIGN (0x80)

.eh_frame
 *(.eh_frame)

.gcc_except_table
 *(.gcc_except_table)
 *(.gcc_except_table.*)

.tdata
 *(.tdata .tdata.* .gnu.linkonce.td.*)

.tbss
 *(.tbss .tbss.* .gnu.linkonce.tb.*)
 *(.tcommon)
                0x0000000000005480                . = ALIGN (0x10)
                0x0000000000005480                PROVIDE (__preinit_array_start, .)

.preinit_array
 *(.preinit_array)
                0x0000000000005480                PROVIDE (__preinit_array_end, .)
                0x0000000000005480                PROVIDE (__init_array_start, .)

.init_array
 *(.init_array)
                0x0000000000005480                PROVIDE (__init_array_end, .)
                0x0000000000005480                PROVIDE (__fini_array_start, .)

.fini_array
 *(.fini_array)
                0x0000000000005480                PROVIDE (__fini_array_end, .)

.ctors          0x0000000000005480        0x8
 *crtbegin*.o(.ctors)
 *(EXCLUDE_FILE(*crtend*.o) .ctors)
 .ctors         0x0000000000005480        0x4 d:/usr/local/cell/0_8_4/host-win32/spu/bin/../lib/gcc/spu-lv2/4.0.2/crt1.o
                0x0000000000005480                __CTOR_LIST__
 *(SORT(.ctors.*))
 *(.ctors)
 .ctors         0x0000000000005484        0x4 d:/usr/local/cell/0_8_4/host-win32/spu/bin/../lib/gcc/spu-lv2/4.0.2/crtend1.o
                0x0000000000005484                __CTOR_END__

.dtors          0x0000000000005488        0x8
 *crtbegin*.o(.dtors)
 *(EXCLUDE_FILE(*crtend*.o) .dtors)
 .dtors         0x0000000000005488        0x4 d:/usr/local/cell/0_8_4/host-win32/spu/bin/../lib/gcc/spu-lv2/4.0.2/crt1.o
 *(SORT(.dtors.*))
 *(.dtors)
 .dtors         0x000000000000548c        0x4 d:/usr/local/cell/0_8_4/host-win32/spu/bin/../lib/gcc/spu-lv2/4.0.2/crtend1.o
                0x000000000000548c                __DTOR_END__

.jcr
 *(.jcr)

.data.rel.ro
 *(.data.rel.ro.local)
 *(.data.rel.ro*)

.dynamic
 *(.dynamic)

.got
 *(.got.plt)
 *(.got)

.data           0x0000000000005490       0x30
 *(.data .data.* .gnu.linkonce.d.*)
 .data          0x0000000000005490       0x10 VPUWorkers.spu.o
                0x0000000000005490                pMem
 .data          0x00000000000054a0       0x10 d:/usr/local/cell/0_8_4/host-win32/spu/bin/../../../target/spu/lib\libc.a(exit.o)
                0x00000000000054a0                _Atcount
 .data          0x00000000000054b0       0x10 d:/usr/local/cell/0_8_4/host-win32/spu/bin/../../../target/spu/lib\libc.a(malloc.o)
                0x00000000000054b0                _Size_block
 *(.gnu.linkonce.d.*personality*)

.data1
 *(.data1)

.toe
 *(.toe)
                0x00000000000054c0                _edata = .
                0x00000000000054c0                PROVIDE (edata, .)
                0x00000000000054c0                __bss_start = .

.bss            0x00000000000054c0      0x160
 *(.dynbss)
 *(.bss .bss.* .gnu.linkonce.b.*)
 .bss           0x00000000000054c0       0x10 d:/usr/local/cell/0_8_4/host-win32/spu/bin/../lib/gcc/spu-lv2/4.0.2/crt1.o
 .bss           0x00000000000054d0       0x10 d:/usr/local/cell/0_8_4/host-win32/spu/bin/../../../target/spu/lib\libc.a(malloc.o)
                0x00000000000054d0                _Aldata
 *(COMMON)
 COMMON         0x00000000000054e0      0x140 d:/usr/local/cell/0_8_4/host-win32/spu/bin/../../../target/spu/lib\libc.a(exit.o)
                0x00000000000054e0                _Atfuns
                0x0000000000005620                . = ALIGN (0x10)
                0x0000000000005620                . = ALIGN (0x10)
                0x0000000000005620                _end = .
                0x0000000000005620                PROVIDE (end, .)

.stab
 *(.stab)

.stabstr
 *(.stabstr)

.stab.excl
 *(.stab.excl)

.stab.exclstr
 *(.stab.exclstr)

.stab.index
 *(.stab.index)

.stab.indexstr
 *(.stab.indexstr)

.comment        0x0000000000000000      0x21c
 *(.comment)
 .comment       0x0000000000000000       0x2d d:/usr/local/cell/0_8_4/host-win32/spu/bin/../lib/gcc/spu-lv2/4.0.2/crt1.o
 .comment       0x000000000000002d       0x2d VPUWorkers.spu.o
 .comment       0x000000000000005a       0x2d d:/usr/local/cell/0_8_4/host-win32/spu/bin/../../../target/spu/lib\libdma.a(cellDmaLargeCmd.o)
 .comment       0x0000000000000087       0x2d d:/usr/local/cell/0_8_4/host-win32/spu/bin/../../../target/spu/lib\libsputhread.a(spu_event.spu.o)
 .comment       0x00000000000000b4       0x2d d:/usr/local/cell/0_8_4/host-win32/spu/bin/../../../target/spu/lib\libsputhread.a(spu_thread.spu.o)
 .comment       0x00000000000000e1       0x2d d:/usr/local/cell/0_8_4/host-win32/spu/bin/../../../target/spu/lib\libc.a(exit.o)
 .comment       0x000000000000010e       0x2d d:/usr/local/cell/0_8_4/host-win32/spu/bin/../../../target/spu/lib\libstdc++.a(delaop.o)
 .comment       0x000000000000013b       0x2d d:/usr/local/cell/0_8_4/host-win32/spu/bin/../../../target/spu/lib\libstdc++.a(delop.o)
 .comment       0x0000000000000168       0x2d d:/usr/local/cell/0_8_4/host-win32/spu/bin/../../../target/spu/lib\libc.a(free.o)
 .comment       0x0000000000000195       0x2d d:/usr/local/cell/0_8_4/host-win32/spu/bin/../../../target/spu/lib\libc.a(malloc.o)
 .comment       0x00000000000001c2       0x2d d:/usr/local/cell/0_8_4/host-win32/spu/bin/../../../target/spu/lib\libc.a(sbrk.o)
 .comment       0x00000000000001ef       0x2d d:/usr/local/cell/0_8_4/host-win32/spu/bin/../lib/gcc/spu-lv2/4.0.2/crtend1.o

.debug
 *(.debug)

.line
 *(.line)

.debug_srcinfo
 *(.debug_srcinfo)

.debug_sfnames
 *(.debug_sfnames)

.debug_aranges  0x0000000000000000       0xc8
 *(.debug_aranges)
 .debug_aranges
                0x0000000000000000       0xa8 VPUWorkers.spu.o
 .debug_aranges
                0x00000000000000a8       0x20 d:/usr/local/cell/0_8_4/host-win32/spu/bin/../../../target/spu/lib\libdma.a(cellDmaLargeCmd.o)

.debug_pubnames
                0x0000000000000000      0x5f0
 *(.debug_pubnames)
 .debug_pubnames
                0x0000000000000000      0x5ca VPUWorkers.spu.o
 .debug_pubnames
                0x00000000000005ca       0x26 d:/usr/local/cell/0_8_4/host-win32/spu/bin/../../../target/spu/lib\libdma.a(cellDmaLargeCmd.o)

.debug_info     0x0000000000000000     0x2ef1
 *(.debug_info .gnu.linkonce.wi.*)
 .debug_info    0x0000000000000000     0x2d4c VPUWorkers.spu.o
 .debug_info    0x0000000000002d4c      0x1a5 d:/usr/local/cell/0_8_4/host-win32/spu/bin/../../../target/spu/lib\libdma.a(cellDmaLargeCmd.o)

.debug_abbrev   0x0000000000000000      0x4bc
 *(.debug_abbrev)
 .debug_abbrev  0x0000000000000000      0x3e2 VPUWorkers.spu.o
 .debug_abbrev  0x00000000000003e2       0xda d:/usr/local/cell/0_8_4/host-win32/spu/bin/../../../target/spu/lib\libdma.a(cellDmaLargeCmd.o)

.debug_line     0x0000000000000000      0x9b3
 *(.debug_line)
 .debug_line    0x0000000000000000      0x850 VPUWorkers.spu.o
 .debug_line    0x0000000000000850      0x163 d:/usr/local/cell/0_8_4/host-win32/spu/bin/../../../target/spu/lib\libdma.a(cellDmaLargeCmd.o)

.debug_frame    0x0000000000000000      0x550
 *(.debug_frame)
 .debug_frame   0x0000000000000000      0x528 VPUWorkers.spu.o
 .debug_frame   0x0000000000000528       0x28 d:/usr/local/cell/0_8_4/host-win32/spu/bin/../../../target/spu/lib\libdma.a(cellDmaLargeCmd.o)

.debug_str      0x0000000000000000      0x269
 *(.debug_str)
 .debug_str     0x0000000000000000      0x12c VPUWorkers.spu.o
 .debug_str     0x000000000000012c      0x13d d:/usr/local/cell/0_8_4/host-win32/spu/bin/../../../target/spu/lib\libdma.a(cellDmaLargeCmd.o)
                                        0x176 (size before relaxing)

.debug_loc      0x0000000000000000       0xcd
 *(.debug_loc)
 .debug_loc     0x0000000000000000       0xcd d:/usr/local/cell/0_8_4/host-win32/spu/bin/../../../target/spu/lib\libdma.a(cellDmaLargeCmd.o)

.debug_macinfo
 *(.debug_macinfo)

.debug_weaknames
 *(.debug_weaknames)

.debug_funcnames
 *(.debug_funcnames)

.debug_typenames
 *(.debug_typenames)

.debug_varnames
 *(.debug_varnames)
                0x000000000003fff0                PROVIDE (__stack, 0x3fff0)

/DISCARD/
 *(.note.GNU-stack)
OUTPUT(VPUWorkers.elf elf32-spu)

.sceversion     0x0000000000000000       0x88
 .sceversion    0x0000000000000000        0xe d:/usr/local/cell/0_8_4/host-win32/spu/bin/../../../target/spu/lib\libdma.a(cellDmaLargeCmd.o)
 .sceversion    0x000000000000000e       0x14 d:/usr/local/cell/0_8_4/host-win32/spu/bin/../../../target/spu/lib\libsputhread.a(spu_event.spu.o)
 .sceversion    0x0000000000000022       0x14 d:/usr/local/cell/0_8_4/host-win32/spu/bin/../../../target/spu/lib\libsputhread.a(spu_thread.spu.o)
 .sceversion    0x0000000000000036        0xc d:/usr/local/cell/0_8_4/host-win32/spu/bin/../../../target/spu/lib\libc.a(exit.o)
 .sceversion    0x0000000000000042       0x11 d:/usr/local/cell/0_8_4/host-win32/spu/bin/../../../target/spu/lib\libstdc++.a(delaop.o)
 .sceversion    0x0000000000000053       0x11 d:/usr/local/cell/0_8_4/host-win32/spu/bin/../../../target/spu/lib\libstdc++.a(delop.o)
 .sceversion    0x0000000000000064        0xc d:/usr/local/cell/0_8_4/host-win32/spu/bin/../../../target/spu/lib\libc.a(free.o)
 .sceversion    0x0000000000000070        0xc d:/usr/local/cell/0_8_4/host-win32/spu/bin/../../../target/spu/lib\libc.a(malloc.o)
 .sceversion    0x000000000000007c        0xc d:/usr/local/cell/0_8_4/host-win32/spu/bin/../../../target/spu/lib\libc.a(sbrk.o)
